// Jest Snapshot v1, https://goo.gl/fbAQLP

exports[`Pruebas en el <GifItems /> debe de hacer match con el snapshot 1`] = `
<div>
  <div
    class="card"
  >
    <img
      alt="Saitama"
      src="https://saitama.com/saitama.jpg"
    />
    <p>
      Saitama
    </p>
  </div>
</div>
`;
